// Jest Snapshot v1, https://goo.gl/fbAQLP

exports[`renders TransaciontionList correctly 1`] = `
Array [
  <div
    className="sc-gicCDI jLHDn"
  >
    <div
      className="sc-bczRLJ cbxpUU"
    >
      <div
        className="sc-gsnTZi ctulah"
      >
        <img
          alt="ether"
          src="ether.png"
          style={
            Object {
              "height": "30px",
            }
          }
        />
      </div>
      <div
        className="sc-dkzDqf kEkHqq"
      >
        <div
          className="sc-hKMtZM fJHpc"
        >
          <div>
            Sent Ether
          </div>
          <div>
            -100 ETH
          </div>
        </div>
        <div
          className="sc-eCYdqJ edlkWG"
        >
          <div>
            1-1-1970 1:0
          </div>
          <div>
            -$170000 USD
          </div>
        </div>
      </div>
    </div>
  </div>,
  <div
    className="sc-gicCDI jLHDn"
  >
    <div
      className="sc-bczRLJ cbxpUU"
    >
      <div
        className="sc-gsnTZi ctulah"
      >
        <img
          alt="ether"
          src="ether.png"
          style={
            Object {
              "height": "30px",
            }
          }
        />
      </div>
      <div
        className="sc-dkzDqf kEkHqq"
      >
        <div
          className="sc-hKMtZM fJHpc"
        >
          <div>
            Sent Ether
          </div>
          <div>
            -100 ETH
          </div>
        </div>
        <div
          className="sc-eCYdqJ edlkWG"
        >
          <div>
            1-1-1970 1:0
          </div>
          <div>
            -$170000 USD
          </div>
        </div>
      </div>
    </div>
  </div>,
  <div>
    <div
      className="sc-bczRLJ cbxpUU"
    >
      <div
        className="sc-gsnTZi ctulah"
      >
        <img
          alt="ether"
          src="ether.png"
          style={
            Object {
              "height": "30px",
            }
          }
        />
      </div>
      <div
        className="sc-dkzDqf kEkHqq"
      >
        <div
          className="sc-hKMtZM fJHpc"
        >
          <div>
            Sent Ether
          </div>
          <div>
            -100 ETH
          </div>
        </div>
        <div
          className="sc-eCYdqJ edlkWG"
        >
          <div>
            1-1-1970 1:0
          </div>
          <div>
            -$170000 USD
          </div>
        </div>
      </div>
    </div>
  </div>,
]
`;
